[2025-04-17T15:54:54.464+0300][gc,init] CardTable entry size: 512
[2025-04-17T15:54:54.464+0300][gc     ] Using G1
[2025-04-17T15:54:54.476+0300][gc,init] Version: 22.0.2+9-70 (release)
[2025-04-17T15:54:54.476+0300][gc,init] CPUs: 8 total, 8 available
[2025-04-17T15:54:54.476+0300][gc,init] Memory: 13888M
[2025-04-17T15:54:54.476+0300][gc,init] Large Page Support: Disabled
[2025-04-17T15:54:54.476+0300][gc,init] NUMA Support: Disabled
[2025-04-17T15:54:54.476+0300][gc,init] Compressed Oops: Enabled (32-bit)
[2025-04-17T15:54:54.476+0300][gc,init] Heap Region Size: 1M
[2025-04-17T15:54:54.476+0300][gc,init] Heap Min Capacity: 1G
[2025-04-17T15:54:54.476+0300][gc,init] Heap Initial Capacity: 1G
[2025-04-17T15:54:54.476+0300][gc,init] Heap Max Capacity: 1G
[2025-04-17T15:54:54.476+0300][gc,init] Pre-touch: Disabled
[2025-04-17T15:54:54.476+0300][gc,init] Parallel Workers: 8
[2025-04-17T15:54:54.476+0300][gc,init] Concurrent Workers: 2
[2025-04-17T15:54:54.476+0300][gc,init] Concurrent Refinement Workers: 8
[2025-04-17T15:54:54.476+0300][gc,init] Periodic GC: Disabled
[2025-04-17T15:54:54.486+0300][gc,metaspace] CDS archive(s) mapped at: [0x00007e1bb2000000-0x00007e1bb2c7a000-0x00007e1bb2c7a000), size 13082624, SharedBaseAddress: 0x00007e1bb2000000, ArchiveRelocationMode: 1.
[2025-04-17T15:54:54.486+0300][gc,metaspace] Compressed class space mapped at: 0x00007e1bb3000000-0x00007e1bf3000000, reserved size: 1073741824
[2025-04-17T15:54:54.486+0300][gc,metaspace] Narrow klass base: 0x00007e1bb2000000, Narrow klass shift: 0, Narrow klass range: 0x100000000
[2025-04-17T15:54:55.883+0300][gc,start    ] GC(0) Pause Young (Normal) (G1 Evacuation Pause)
[2025-04-17T15:54:55.884+0300][gc,task     ] GC(0) Using 8 workers of 8 for evacuation
[2025-04-17T15:54:55.891+0300][gc,phases   ] GC(0)   Pre Evacuate Collection Set: 0,16ms
[2025-04-17T15:54:55.891+0300][gc,phases   ] GC(0)   Merge Heap Roots: 0,20ms
[2025-04-17T15:54:55.891+0300][gc,phases   ] GC(0)   Evacuate Collection Set: 6,06ms
[2025-04-17T15:54:55.891+0300][gc,phases   ] GC(0)   Post Evacuate Collection Set: 1,05ms
[2025-04-17T15:54:55.891+0300][gc,phases   ] GC(0)   Other: 1,04ms
[2025-04-17T15:54:55.891+0300][gc,heap     ] GC(0) Eden regions: 51->0(44)
[2025-04-17T15:54:55.891+0300][gc,heap     ] GC(0) Survivor regions: 0->7(7)
[2025-04-17T15:54:55.891+0300][gc,heap     ] GC(0) Old regions: 2->3
[2025-04-17T15:54:55.891+0300][gc,heap     ] GC(0) Humongous regions: 0->0
[2025-04-17T15:54:55.891+0300][gc,metaspace] GC(0) Metaspace: 15909K(16128K)->15909K(16128K) NonClass: 14140K(14272K)->14140K(14272K) Class: 1768K(1856K)->1768K(1856K)
[2025-04-17T15:54:55.891+0300][gc          ] GC(0) Pause Young (Normal) (G1 Evacuation Pause) 52M->8M(1024M) 8,891ms
[2025-04-17T15:54:55.891+0300][gc,cpu      ] GC(0) User=0,02s Sys=0,02s Real=0,00s
[2025-04-17T15:54:56.205+0300][gc,start    ] GC(1) Pause Young (Concurrent Start) (Metadata GC Threshold)
[2025-04-17T15:54:56.205+0300][gc,task     ] GC(1) Using 8 workers of 8 for evacuation
[2025-04-17T15:54:56.214+0300][gc,phases   ] GC(1)   Pre Evacuate Collection Set: 0,27ms
[2025-04-17T15:54:56.214+0300][gc,phases   ] GC(1)   Merge Heap Roots: 0,07ms
[2025-04-17T15:54:56.214+0300][gc,phases   ] GC(1)   Evacuate Collection Set: 7,38ms
[2025-04-17T15:54:56.214+0300][gc,phases   ] GC(1)   Post Evacuate Collection Set: 1,13ms
[2025-04-17T15:54:56.214+0300][gc,phases   ] GC(1)   Other: 0,23ms
[2025-04-17T15:54:56.214+0300][gc,heap     ] GC(1) Eden regions: 16->0(49)
[2025-04-17T15:54:56.214+0300][gc,heap     ] GC(1) Survivor regions: 7->2(7)
[2025-04-17T15:54:56.214+0300][gc,heap     ] GC(1) Old regions: 3->11
[2025-04-17T15:54:56.214+0300][gc,heap     ] GC(1) Humongous regions: 0->0
[2025-04-17T15:54:56.214+0300][gc,metaspace] GC(1) Metaspace: 21221K(21504K)->21221K(21504K) NonClass: 18637K(18752K)->18637K(18752K) Class: 2584K(2752K)->2584K(2752K)
[2025-04-17T15:54:56.214+0300][gc          ] GC(1) Pause Young (Concurrent Start) (Metadata GC Threshold) 24M->10M(1024M) 9,498ms
[2025-04-17T15:54:56.215+0300][gc,cpu      ] GC(1) User=0,03s Sys=0,01s Real=0,01s
[2025-04-17T15:54:56.215+0300][gc          ] GC(2) Concurrent Mark Cycle
[2025-04-17T15:54:56.215+0300][gc,marking  ] GC(2) Concurrent Scan Root Regions
[2025-04-17T15:54:56.218+0300][gc,marking  ] GC(2) Concurrent Scan Root Regions 2,930ms
[2025-04-17T15:54:56.218+0300][gc,marking  ] GC(2) Concurrent Mark
[2025-04-17T15:54:56.218+0300][gc,marking  ] GC(2) Concurrent Mark From Roots
[2025-04-17T15:54:56.218+0300][gc,task     ] GC(2) Using 2 workers of 2 for marking
[2025-04-17T15:54:56.220+0300][gc,marking  ] GC(2) Concurrent Mark From Roots 2,075ms
[2025-04-17T15:54:56.220+0300][gc,marking  ] GC(2) Concurrent Preclean
[2025-04-17T15:54:56.220+0300][gc,marking  ] GC(2) Concurrent Preclean 0,048ms
[2025-04-17T15:54:56.220+0300][gc,start    ] GC(2) Pause Remark
[2025-04-17T15:54:56.222+0300][gc          ] GC(2) Pause Remark 11M->11M(1024M) 2,333ms
[2025-04-17T15:54:56.222+0300][gc,cpu      ] GC(2) User=0,00s Sys=0,00s Real=0,01s
[2025-04-17T15:54:56.222+0300][gc,marking  ] GC(2) Concurrent Mark 4,845ms
[2025-04-17T15:54:56.222+0300][gc,marking  ] GC(2) Concurrent Rebuild Remembered Sets and Scrub Regions
[2025-04-17T15:54:56.225+0300][gc,marking  ] GC(2) Concurrent Rebuild Remembered Sets and Scrub Regions 2,990ms
[2025-04-17T15:54:56.226+0300][gc,start    ] GC(2) Pause Cleanup
[2025-04-17T15:54:56.226+0300][gc          ] GC(2) Pause Cleanup 11M->11M(1024M) 0,283ms
[2025-04-17T15:54:56.226+0300][gc,cpu      ] GC(2) User=0,00s Sys=0,00s Real=0,00s
[2025-04-17T15:54:56.226+0300][gc,marking  ] GC(2) Concurrent Clear Claimed Marks
[2025-04-17T15:54:56.226+0300][gc,marking  ] GC(2) Concurrent Clear Claimed Marks 0,041ms
[2025-04-17T15:54:56.226+0300][gc,marking  ] GC(2) Concurrent Cleanup for Next Mark
[2025-04-17T15:54:56.233+0300][gc,marking  ] GC(2) Concurrent Cleanup for Next Mark 6,911ms
[2025-04-17T15:54:56.233+0300][gc          ] GC(2) Concurrent Mark Cycle 18,461ms
[2025-04-17T15:54:57.296+0300][gc,start    ] GC(3) Pause Young (Prepare Mixed) (G1 Evacuation Pause)
[2025-04-17T15:54:57.296+0300][gc,task     ] GC(3) Using 8 workers of 8 for evacuation
[2025-04-17T15:54:57.302+0300][gc,phases   ] GC(3)   Pre Evacuate Collection Set: 0,20ms
[2025-04-17T15:54:57.302+0300][gc,phases   ] GC(3)   Merge Heap Roots: 0,10ms
[2025-04-17T15:54:57.302+0300][gc,phases   ] GC(3)   Evacuate Collection Set: 4,22ms
[2025-04-17T15:54:57.302+0300][gc,phases   ] GC(3)   Post Evacuate Collection Set: 1,10ms
[2025-04-17T15:54:57.302+0300][gc,phases   ] GC(3)   Other: 0,12ms
[2025-04-17T15:54:57.302+0300][gc,heap     ] GC(3) Eden regions: 49->0(45)
[2025-04-17T15:54:57.302+0300][gc,heap     ] GC(3) Survivor regions: 2->6(7)
[2025-04-17T15:54:57.302+0300][gc,heap     ] GC(3) Old regions: 11->11
[2025-04-17T15:54:57.302+0300][gc,heap     ] GC(3) Humongous regions: 9->9
[2025-04-17T15:54:57.302+0300][gc,metaspace] GC(3) Metaspace: 33502K(34048K)->33502K(34048K) NonClass: 29566K(29888K)->29566K(29888K) Class: 3936K(4160K)->3936K(4160K)
[2025-04-17T15:54:57.302+0300][gc          ] GC(3) Pause Young (Prepare Mixed) (G1 Evacuation Pause) 68M->24M(1024M) 6,031ms
[2025-04-17T15:54:57.302+0300][gc,cpu      ] GC(3) User=0,03s Sys=0,01s Real=0,00s
[2025-04-17T15:54:57.503+0300][gc,start    ] GC(4) Pause Young (Mixed) (Metadata GC Threshold)
[2025-04-17T15:54:57.503+0300][gc,task     ] GC(4) Using 8 workers of 8 for evacuation
[2025-04-17T15:54:57.510+0300][gc,phases   ] GC(4)   Pre Evacuate Collection Set: 0,38ms
[2025-04-17T15:54:57.510+0300][gc,phases   ] GC(4)   Merge Heap Roots: 0,11ms
[2025-04-17T15:54:57.510+0300][gc,phases   ] GC(4)   Evacuate Collection Set: 5,61ms
[2025-04-17T15:54:57.510+0300][gc,phases   ] GC(4)   Post Evacuate Collection Set: 0,96ms
[2025-04-17T15:54:57.511+0300][gc,phases   ] GC(4)   Other: 0,12ms
[2025-04-17T15:54:57.511+0300][gc,heap     ] GC(4) Eden regions: 11->0(49)
[2025-04-17T15:54:57.511+0300][gc,heap     ] GC(4) Survivor regions: 6->2(7)
[2025-04-17T15:54:57.511+0300][gc,heap     ] GC(4) Old regions: 11->16
[2025-04-17T15:54:57.511+0300][gc,heap     ] GC(4) Humongous regions: 9->9
[2025-04-17T15:54:57.511+0300][gc,metaspace] GC(4) Metaspace: 35541K(36096K)->35541K(36096K) NonClass: 31349K(31680K)->31349K(31680K) Class: 4191K(4416K)->4191K(4416K)
[2025-04-17T15:54:57.511+0300][gc          ] GC(4) Pause Young (Mixed) (Metadata GC Threshold) 34M->25M(1024M) 7,626ms
[2025-04-17T15:54:57.511+0300][gc,cpu      ] GC(4) User=0,04s Sys=0,01s Real=0,00s
[2025-04-17T15:54:57.542+0300][gc,start    ] GC(5) Pause Young (Concurrent Start) (Metadata GC Threshold)
[2025-04-17T15:54:57.542+0300][gc,task     ] GC(5) Using 8 workers of 8 for evacuation
[2025-04-17T15:54:57.545+0300][gc,phases   ] GC(5)   Pre Evacuate Collection Set: 0,25ms
[2025-04-17T15:54:57.545+0300][gc,phases   ] GC(5)   Merge Heap Roots: 0,06ms
[2025-04-17T15:54:57.545+0300][gc,phases   ] GC(5)   Evacuate Collection Set: 1,46ms
[2025-04-17T15:54:57.545+0300][gc,phases   ] GC(5)   Post Evacuate Collection Set: 1,09ms
[2025-04-17T15:54:57.545+0300][gc,phases   ] GC(5)   Other: 0,13ms
[2025-04-17T15:54:57.545+0300][gc,heap     ] GC(5) Eden regions: 3->0(50)
[2025-04-17T15:54:57.545+0300][gc,heap     ] GC(5) Survivor regions: 2->1(7)
[2025-04-17T15:54:57.545+0300][gc,heap     ] GC(5) Old regions: 16->16
[2025-04-17T15:54:57.545+0300][gc,heap     ] GC(5) Humongous regions: 9->9
[2025-04-17T15:54:57.545+0300][gc,metaspace] GC(5) Metaspace: 35883K(36416K)->35883K(36416K) NonClass: 31630K(31936K)->31630K(31936K) Class: 4253K(4480K)->4253K(4480K)
[2025-04-17T15:54:57.545+0300][gc          ] GC(5) Pause Young (Concurrent Start) (Metadata GC Threshold) 27M->24M(1024M) 3,262ms
[2025-04-17T15:54:57.545+0300][gc,cpu      ] GC(5) User=0,01s Sys=0,00s Real=0,01s
[2025-04-17T15:54:57.545+0300][gc          ] GC(6) Concurrent Mark Cycle
[2025-04-17T15:54:57.545+0300][gc,marking  ] GC(6) Concurrent Scan Root Regions
[2025-04-17T15:54:57.546+0300][gc,marking  ] GC(6) Concurrent Scan Root Regions 1,436ms
[2025-04-17T15:54:57.547+0300][gc,marking  ] GC(6) Concurrent Mark
[2025-04-17T15:54:57.547+0300][gc,marking  ] GC(6) Concurrent Mark From Roots
[2025-04-17T15:54:57.547+0300][gc,task     ] GC(6) Using 2 workers of 2 for marking
[2025-04-17T15:54:57.565+0300][gc,marking  ] GC(6) Concurrent Mark From Roots 18,451ms
[2025-04-17T15:54:57.565+0300][gc,marking  ] GC(6) Concurrent Preclean
[2025-04-17T15:54:57.565+0300][gc,marking  ] GC(6) Concurrent Preclean 0,173ms
[2025-04-17T15:54:57.566+0300][gc,start    ] GC(6) Pause Remark
[2025-04-17T15:54:57.571+0300][gc          ] GC(6) Pause Remark 26M->26M(1024M) 4,771ms
[2025-04-17T15:54:57.571+0300][gc,cpu      ] GC(6) User=0,01s Sys=0,00s Real=0,00s
[2025-04-17T15:54:57.571+0300][gc,marking  ] GC(6) Concurrent Mark 24,915ms
[2025-04-17T15:54:57.571+0300][gc,marking  ] GC(6) Concurrent Rebuild Remembered Sets and Scrub Regions
[2025-04-17T15:54:57.578+0300][gc,marking  ] GC(6) Concurrent Rebuild Remembered Sets and Scrub Regions 6,173ms
[2025-04-17T15:54:57.578+0300][gc,start    ] GC(6) Pause Cleanup
[2025-04-17T15:54:57.578+0300][gc          ] GC(6) Pause Cleanup 27M->27M(1024M) 0,189ms
[2025-04-17T15:54:57.578+0300][gc,cpu      ] GC(6) User=0,00s Sys=0,00s Real=0,00s
[2025-04-17T15:54:57.578+0300][gc,marking  ] GC(6) Concurrent Clear Claimed Marks
[2025-04-17T15:54:57.578+0300][gc,marking  ] GC(6) Concurrent Clear Claimed Marks 0,097ms
[2025-04-17T15:54:57.578+0300][gc,marking  ] GC(6) Concurrent Cleanup for Next Mark
[2025-04-17T15:54:57.580+0300][gc,marking  ] GC(6) Concurrent Cleanup for Next Mark 1,531ms
[2025-04-17T15:54:57.580+0300][gc          ] GC(6) Concurrent Mark Cycle 34,821ms
[2025-04-17T15:57:48.036+0300][gc,start    ] GC(7) Pause Young (Prepare Mixed) (G1 Evacuation Pause)
[2025-04-17T15:57:48.036+0300][gc,task     ] GC(7) Using 8 workers of 8 for evacuation
[2025-04-17T15:57:48.046+0300][gc,phases   ] GC(7)   Pre Evacuate Collection Set: 0,42ms
[2025-04-17T15:57:48.046+0300][gc,phases   ] GC(7)   Merge Heap Roots: 0,19ms
[2025-04-17T15:57:48.046+0300][gc,phases   ] GC(7)   Evacuate Collection Set: 8,09ms
[2025-04-17T15:57:48.046+0300][gc,phases   ] GC(7)   Post Evacuate Collection Set: 1,39ms
[2025-04-17T15:57:48.046+0300][gc,phases   ] GC(7)   Other: 0,18ms
[2025-04-17T15:57:48.046+0300][gc,heap     ] GC(7) Eden regions: 50->0(44)
[2025-04-17T15:57:48.046+0300][gc,heap     ] GC(7) Survivor regions: 1->7(7)
[2025-04-17T15:57:48.046+0300][gc,heap     ] GC(7) Old regions: 16->17
[2025-04-17T15:57:48.046+0300][gc,heap     ] GC(7) Humongous regions: 138->138
[2025-04-17T15:57:48.046+0300][gc,metaspace] GC(7) Metaspace: 42997K(43776K)->42997K(43776K) NonClass: 37959K(38400K)->37959K(38400K) Class: 5038K(5376K)->5038K(5376K)
[2025-04-17T15:57:48.046+0300][gc          ] GC(7) Pause Young (Prepare Mixed) (G1 Evacuation Pause) 203M->161M(1024M) 10,754ms
[2025-04-17T15:57:48.046+0300][gc,cpu      ] GC(7) User=0,04s Sys=0,01s Real=0,01s
[2025-04-17T16:08:41.106+0300][gc,start    ] GC(8) Pause Young (Mixed) (G1 Evacuation Pause)
[2025-04-17T16:08:41.106+0300][gc,task     ] GC(8) Using 8 workers of 8 for evacuation
[2025-04-17T16:08:41.117+0300][gc,phases   ] GC(8)   Pre Evacuate Collection Set: 0,32ms
[2025-04-17T16:08:41.117+0300][gc,phases   ] GC(8)   Merge Heap Roots: 0,14ms
[2025-04-17T16:08:41.117+0300][gc,phases   ] GC(8)   Evacuate Collection Set: 9,10ms
[2025-04-17T16:08:41.117+0300][gc,phases   ] GC(8)   Post Evacuate Collection Set: 1,27ms
[2025-04-17T16:08:41.117+0300][gc,phases   ] GC(8)   Other: 0,18ms
[2025-04-17T16:08:41.117+0300][gc,heap     ] GC(8) Eden regions: 44->0(49)
[2025-04-17T16:08:41.117+0300][gc,heap     ] GC(8) Survivor regions: 7->2(7)
[2025-04-17T16:08:41.117+0300][gc,heap     ] GC(8) Old regions: 17->24
[2025-04-17T16:08:41.117+0300][gc,heap     ] GC(8) Humongous regions: 138->138
[2025-04-17T16:08:41.117+0300][gc,metaspace] GC(8) Metaspace: 43690K(44480K)->43690K(44480K) NonClass: 38644K(39104K)->38644K(39104K) Class: 5045K(5376K)->5045K(5376K)
[2025-04-17T16:08:41.117+0300][gc          ] GC(8) Pause Young (Mixed) (G1 Evacuation Pause) 205M->162M(1024M) 11,528ms
[2025-04-17T16:08:41.117+0300][gc,cpu      ] GC(8) User=0,05s Sys=0,02s Real=0,01s
[2025-04-17T16:21:43.184+0300][gc,start    ] GC(9) Pause Young (Normal) (G1 Evacuation Pause)
[2025-04-17T16:21:43.184+0300][gc,task     ] GC(9) Using 8 workers of 8 for evacuation
[2025-04-17T16:21:43.189+0300][gc,phases   ] GC(9)   Pre Evacuate Collection Set: 0,45ms
[2025-04-17T16:21:43.189+0300][gc,phases   ] GC(9)   Merge Heap Roots: 0,14ms
[2025-04-17T16:21:43.189+0300][gc,phases   ] GC(9)   Evacuate Collection Set: 2,98ms
[2025-04-17T16:21:43.189+0300][gc,phases   ] GC(9)   Post Evacuate Collection Set: 1,30ms
[2025-04-17T16:21:43.189+0300][gc,phases   ] GC(9)   Other: 0,22ms
[2025-04-17T16:21:43.189+0300][gc,heap     ] GC(9) Eden regions: 49->0(49)
[2025-04-17T16:21:43.189+0300][gc,heap     ] GC(9) Survivor regions: 2->2(7)
[2025-04-17T16:21:43.189+0300][gc,heap     ] GC(9) Old regions: 24->24
[2025-04-17T16:21:43.189+0300][gc,heap     ] GC(9) Humongous regions: 138->138
[2025-04-17T16:21:43.189+0300][gc,metaspace] GC(9) Metaspace: 43916K(44736K)->43916K(44736K) NonClass: 38870K(39360K)->38870K(39360K) Class: 5045K(5376K)->5045K(5376K)
[2025-04-17T16:21:43.189+0300][gc          ] GC(9) Pause Young (Normal) (G1 Evacuation Pause) 211M->162M(1024M) 5,559ms
[2025-04-17T16:21:43.189+0300][gc,cpu      ] GC(9) User=0,02s Sys=0,01s Real=0,00s
[2025-04-17T16:35:30.349+0300][gc,start    ] GC(10) Pause Young (Normal) (G1 Evacuation Pause)
[2025-04-17T16:35:30.349+0300][gc,task     ] GC(10) Using 8 workers of 8 for evacuation
[2025-04-17T16:35:30.355+0300][gc,phases   ] GC(10)   Pre Evacuate Collection Set: 0,29ms
[2025-04-17T16:35:30.355+0300][gc,phases   ] GC(10)   Merge Heap Roots: 0,11ms
[2025-04-17T16:35:30.355+0300][gc,phases   ] GC(10)   Evacuate Collection Set: 3,95ms
[2025-04-17T16:35:30.355+0300][gc,phases   ] GC(10)   Post Evacuate Collection Set: 0,97ms
[2025-04-17T16:35:30.355+0300][gc,phases   ] GC(10)   Other: 0,18ms
[2025-04-17T16:35:30.355+0300][gc,heap     ] GC(10) Eden regions: 49->0(48)
[2025-04-17T16:35:30.355+0300][gc,heap     ] GC(10) Survivor regions: 2->3(7)
[2025-04-17T16:35:30.355+0300][gc,heap     ] GC(10) Old regions: 24->24
[2025-04-17T16:35:30.355+0300][gc,heap     ] GC(10) Humongous regions: 138->138
[2025-04-17T16:35:30.355+0300][gc,metaspace] GC(10) Metaspace: 43978K(44736K)->43978K(44736K) NonClass: 38932K(39360K)->38932K(39360K) Class: 5045K(5376K)->5045K(5376K)
[2025-04-17T16:35:30.355+0300][gc          ] GC(10) Pause Young (Normal) (G1 Evacuation Pause) 211M->163M(1024M) 5,996ms
[2025-04-17T16:35:30.355+0300][gc,cpu      ] GC(10) User=0,02s Sys=0,00s Real=0,01s
[2025-04-17T16:49:39.588+0300][gc,start    ] GC(11) Pause Young (Normal) (G1 Evacuation Pause)
[2025-04-17T16:49:39.588+0300][gc,task     ] GC(11) Using 8 workers of 8 for evacuation
[2025-04-17T16:49:39.594+0300][gc,phases   ] GC(11)   Pre Evacuate Collection Set: 0,43ms
[2025-04-17T16:49:39.594+0300][gc,phases   ] GC(11)   Merge Heap Roots: 0,12ms
[2025-04-17T16:49:39.594+0300][gc,phases   ] GC(11)   Evacuate Collection Set: 3,77ms
[2025-04-17T16:49:39.594+0300][gc,phases   ] GC(11)   Post Evacuate Collection Set: 1,69ms
[2025-04-17T16:49:39.594+0300][gc,phases   ] GC(11)   Other: 0,24ms
[2025-04-17T16:49:39.594+0300][gc,heap     ] GC(11) Eden regions: 48->0(47)
[2025-04-17T16:49:39.594+0300][gc,heap     ] GC(11) Survivor regions: 3->4(7)
[2025-04-17T16:49:39.594+0300][gc,heap     ] GC(11) Old regions: 24->24
[2025-04-17T16:49:39.594+0300][gc,heap     ] GC(11) Humongous regions: 138->138
[2025-04-17T16:49:39.594+0300][gc,metaspace] GC(11) Metaspace: 44017K(44800K)->44017K(44800K) NonClass: 38971K(39424K)->38971K(39424K) Class: 5045K(5376K)->5045K(5376K)
[2025-04-17T16:49:39.594+0300][gc          ] GC(11) Pause Young (Normal) (G1 Evacuation Pause) 211M->164M(1024M) 6,794ms
[2025-04-17T16:49:39.594+0300][gc,cpu      ] GC(11) User=0,03s Sys=0,01s Real=0,01s
[2025-04-17T17:03:11.348+0300][gc,start    ] GC(12) Pause Young (Normal) (G1 Evacuation Pause)
[2025-04-17T17:03:11.348+0300][gc,task     ] GC(12) Using 8 workers of 8 for evacuation
[2025-04-17T17:03:11.356+0300][gc,phases   ] GC(12)   Pre Evacuate Collection Set: 0,38ms
[2025-04-17T17:03:11.356+0300][gc,phases   ] GC(12)   Merge Heap Roots: 0,12ms
[2025-04-17T17:03:11.356+0300][gc,phases   ] GC(12)   Evacuate Collection Set: 5,92ms
[2025-04-17T17:03:11.356+0300][gc,phases   ] GC(12)   Post Evacuate Collection Set: 1,09ms
[2025-04-17T17:03:11.356+0300][gc,phases   ] GC(12)   Other: 0,18ms
[2025-04-17T17:03:11.356+0300][gc,heap     ] GC(12) Eden regions: 47->0(46)
[2025-04-17T17:03:11.356+0300][gc,heap     ] GC(12) Survivor regions: 4->5(7)
[2025-04-17T17:03:11.356+0300][gc,heap     ] GC(12) Old regions: 24->24
[2025-04-17T17:03:11.356+0300][gc,heap     ] GC(12) Humongous regions: 147->147
[2025-04-17T17:03:11.356+0300][gc,metaspace] GC(12) Metaspace: 44289K(45056K)->44289K(45056K) NonClass: 39205K(39616K)->39205K(39616K) Class: 5084K(5440K)->5084K(5440K)
[2025-04-17T17:03:11.356+0300][gc          ] GC(12) Pause Young (Normal) (G1 Evacuation Pause) 220M->174M(1024M) 8,167ms
[2025-04-17T17:03:11.356+0300][gc,cpu      ] GC(12) User=0,04s Sys=0,00s Real=0,01s
[2025-04-17T17:16:59.815+0300][gc,start    ] GC(13) Pause Young (Normal) (G1 Evacuation Pause)
[2025-04-17T17:16:59.815+0300][gc,task     ] GC(13) Using 8 workers of 8 for evacuation
[2025-04-17T17:16:59.823+0300][gc,phases   ] GC(13)   Pre Evacuate Collection Set: 0,35ms
[2025-04-17T17:16:59.823+0300][gc,phases   ] GC(13)   Merge Heap Roots: 0,13ms
[2025-04-17T17:16:59.823+0300][gc,phases   ] GC(13)   Evacuate Collection Set: 5,52ms
[2025-04-17T17:16:59.823+0300][gc,phases   ] GC(13)   Post Evacuate Collection Set: 1,17ms
[2025-04-17T17:16:59.823+0300][gc,phases   ] GC(13)   Other: 0,18ms
[2025-04-17T17:16:59.823+0300][gc,heap     ] GC(13) Eden regions: 46->0(67)
[2025-04-17T17:16:59.823+0300][gc,heap     ] GC(13) Survivor regions: 5->4(7)
[2025-04-17T17:16:59.823+0300][gc,heap     ] GC(13) Old regions: 24->25
[2025-04-17T17:16:59.823+0300][gc,heap     ] GC(13) Humongous regions: 147->147
[2025-04-17T17:16:59.823+0300][gc,metaspace] GC(13) Metaspace: 44307K(45120K)->44307K(45120K) NonClass: 39223K(39680K)->39223K(39680K) Class: 5084K(5440K)->5084K(5440K)
[2025-04-17T17:16:59.823+0300][gc          ] GC(13) Pause Young (Normal) (G1 Evacuation Pause) 220M->174M(1024M) 7,949ms
[2025-04-17T17:16:59.823+0300][gc,cpu      ] GC(13) User=0,04s Sys=0,00s Real=0,01s
[2025-04-17T17:31:09.080+0300][gc,start    ] GC(14) Pause Young (Normal) (G1 Evacuation Pause)
[2025-04-17T17:31:09.080+0300][gc,task     ] GC(14) Using 8 workers of 8 for evacuation
[2025-04-17T17:31:09.085+0300][gc,phases   ] GC(14)   Pre Evacuate Collection Set: 0,25ms
[2025-04-17T17:31:09.085+0300][gc,phases   ] GC(14)   Merge Heap Roots: 0,11ms
[2025-04-17T17:31:09.085+0300][gc,phases   ] GC(14)   Evacuate Collection Set: 2,93ms
[2025-04-17T17:31:09.085+0300][gc,phases   ] GC(14)   Post Evacuate Collection Set: 0,90ms
[2025-04-17T17:31:09.085+0300][gc,phases   ] GC(14)   Other: 0,15ms
[2025-04-17T17:31:09.085+0300][gc,heap     ] GC(14) Eden regions: 47->0(124)
[2025-04-17T17:31:09.085+0300][gc,heap     ] GC(14) Survivor regions: 4->4(7)
[2025-04-17T17:31:09.085+0300][gc,heap     ] GC(14) Old regions: 25->25
[2025-04-17T17:31:09.085+0300][gc,heap     ] GC(14) Humongous regions: 147->147
[2025-04-17T17:31:09.085+0300][gc,metaspace] GC(14) Metaspace: 44362K(45184K)->44362K(45184K) NonClass: 39277K(39744K)->39277K(39744K) Class: 5084K(5440K)->5084K(5440K)
[2025-04-17T17:31:09.085+0300][gc          ] GC(14) Pause Young (Normal) (G1 Evacuation Pause) 221M->174M(1024M) 4,740ms
[2025-04-17T17:31:09.085+0300][gc,cpu      ] GC(14) User=0,01s Sys=0,01s Real=0,01s
[2025-04-17T17:55:27.409+0300][gc,start    ] GC(15) Pause Young (Normal) (G1 Evacuation Pause)
[2025-04-17T17:55:27.410+0300][gc,task     ] GC(15) Using 8 workers of 8 for evacuation
[2025-04-17T17:55:27.415+0300][gc,phases   ] GC(15)   Pre Evacuate Collection Set: 0,28ms
[2025-04-17T17:55:27.415+0300][gc,phases   ] GC(15)   Merge Heap Roots: 0,10ms
[2025-04-17T17:55:27.415+0300][gc,phases   ] GC(15)   Evacuate Collection Set: 3,76ms
[2025-04-17T17:55:27.415+0300][gc,phases   ] GC(15)   Post Evacuate Collection Set: 1,31ms
[2025-04-17T17:55:27.415+0300][gc,phases   ] GC(15)   Other: 0,16ms
[2025-04-17T17:55:27.415+0300][gc,heap     ] GC(15) Eden regions: 91->0(609)
[2025-04-17T17:55:27.415+0300][gc,heap     ] GC(15) Survivor regions: 4->5(12)
[2025-04-17T17:55:27.415+0300][gc,heap     ] GC(15) Old regions: 25->25
[2025-04-17T17:55:27.415+0300][gc,heap     ] GC(15) Humongous regions: 147->147
[2025-04-17T17:55:27.415+0300][gc,metaspace] GC(15) Metaspace: 45719K(46656K)->45719K(46656K) NonClass: 40370K(40896K)->40370K(40896K) Class: 5348K(5760K)->5348K(5760K)
[2025-04-17T17:55:27.415+0300][gc          ] GC(15) Pause Young (Normal) (G1 Evacuation Pause) 265M->175M(1024M) 5,983ms
[2025-04-17T17:55:27.416+0300][gc,cpu      ] GC(15) User=0,03s Sys=0,01s Real=0,01s
[2025-04-17T18:12:59.505+0300][gc,start    ] GC(16) Pause Young (Normal) (G1 Evacuation Pause)
[2025-04-17T18:12:59.505+0300][gc,task     ] GC(16) Using 8 workers of 8 for evacuation
[2025-04-17T18:12:59.520+0300][gc,phases   ] GC(16)   Pre Evacuate Collection Set: 0,43ms
[2025-04-17T18:12:59.520+0300][gc,phases   ] GC(16)   Merge Heap Roots: 0,24ms
[2025-04-17T18:12:59.520+0300][gc,phases   ] GC(16)   Evacuate Collection Set: 12,99ms
[2025-04-17T18:12:59.520+0300][gc,phases   ] GC(16)   Post Evacuate Collection Set: 1,65ms
[2025-04-17T18:12:59.520+0300][gc,phases   ] GC(16)   Other: 0,22ms
[2025-04-17T18:12:59.520+0300][gc,heap     ] GC(16) Eden regions: 170->0(95)
[2025-04-17T18:12:59.520+0300][gc,heap     ] GC(16) Survivor regions: 5->8(22)
[2025-04-17T18:12:59.521+0300][gc,heap     ] GC(16) Old regions: 25->25
[2025-04-17T18:12:59.521+0300][gc,heap     ] GC(16) Humongous regions: 149->149
[2025-04-17T18:12:59.521+0300][gc,metaspace] GC(16) Metaspace: 48573K(49664K)->48573K(49664K) NonClass: 42881K(43520K)->42881K(43520K) Class: 5691K(6144K)->5691K(6144K)
[2025-04-17T18:12:59.521+0300][gc          ] GC(16) Pause Young (Normal) (G1 Evacuation Pause) 347M->180M(1024M) 15,912ms
[2025-04-17T18:12:59.521+0300][gc,cpu      ] GC(16) User=0,05s Sys=0,04s Real=0,01s
[2025-04-17T18:18:02.395+0300][gc,start    ] GC(17) Pause Young (Normal) (G1 Evacuation Pause)
[2025-04-17T18:18:02.395+0300][gc,task     ] GC(17) Using 8 workers of 8 for evacuation
[2025-04-17T18:18:02.407+0300][gc,phases   ] GC(17)   Pre Evacuate Collection Set: 0,27ms
[2025-04-17T18:18:02.407+0300][gc,phases   ] GC(17)   Merge Heap Roots: 0,10ms
[2025-04-17T18:18:02.407+0300][gc,phases   ] GC(17)   Evacuate Collection Set: 9,97ms
[2025-04-17T18:18:02.407+0300][gc,phases   ] GC(17)   Post Evacuate Collection Set: 0,97ms
[2025-04-17T18:18:02.407+0300][gc,phases   ] GC(17)   Other: 0,13ms
[2025-04-17T18:18:02.407+0300][gc,heap     ] GC(17) Eden regions: 43->0(190)
[2025-04-17T18:18:02.407+0300][gc,heap     ] GC(17) Survivor regions: 8->3(7)
[2025-04-17T18:18:02.407+0300][gc,heap     ] GC(17) Old regions: 25->31
[2025-04-17T18:18:02.407+0300][gc,heap     ] GC(17) Humongous regions: 149->149
[2025-04-17T18:18:02.407+0300][gc,metaspace] GC(17) Metaspace: 48649K(49664K)->48649K(49664K) NonClass: 42946K(43520K)->42946K(43520K) Class: 5702K(6144K)->5702K(6144K)
[2025-04-17T18:18:02.407+0300][gc          ] GC(17) Pause Young (Normal) (G1 Evacuation Pause) 223M->181M(1024M) 11,720ms
[2025-04-17T18:18:02.407+0300][gc,cpu      ] GC(17) User=0,05s Sys=0,00s Real=0,01s
[2025-04-17T18:42:13.616+0300][gc,start    ] GC(18) Pause Young (Normal) (G1 Evacuation Pause)
[2025-04-17T18:42:13.616+0300][gc,task     ] GC(18) Using 8 workers of 8 for evacuation
[2025-04-17T18:42:13.632+0300][gc,phases   ] GC(18)   Pre Evacuate Collection Set: 0,38ms
[2025-04-17T18:42:13.633+0300][gc,phases   ] GC(18)   Merge Heap Roots: 0,22ms
[2025-04-17T18:42:13.633+0300][gc,phases   ] GC(18)   Evacuate Collection Set: 14,02ms
[2025-04-17T18:42:13.633+0300][gc,phases   ] GC(18)   Post Evacuate Collection Set: 1,26ms
[2025-04-17T18:42:13.633+0300][gc,phases   ] GC(18)   Other: 0,22ms
[2025-04-17T18:42:13.633+0300][gc,heap     ] GC(18) Eden regions: 203->0(93)
[2025-04-17T18:42:13.633+0300][gc,heap     ] GC(18) Survivor regions: 3->9(26)
[2025-04-17T18:42:13.633+0300][gc,heap     ] GC(18) Old regions: 31->31
[2025-04-17T18:42:13.633+0300][gc,heap     ] GC(18) Humongous regions: 149->149
[2025-04-17T18:42:13.633+0300][gc,metaspace] GC(18) Metaspace: 48811K(49856K)->48811K(49856K) NonClass: 43108K(43712K)->43108K(43712K) Class: 5702K(6144K)->5702K(6144K)
[2025-04-17T18:42:13.633+0300][gc          ] GC(18) Pause Young (Normal) (G1 Evacuation Pause) 384M->187M(1024M) 16,594ms
[2025-04-17T18:42:13.633+0300][gc,cpu      ] GC(18) User=0,08s Sys=0,02s Real=0,02s
[2025-04-17T18:53:40.211+0300][gc,start    ] GC(19) Pause Young (Normal) (G1 Evacuation Pause)
[2025-04-17T18:53:40.211+0300][gc,task     ] GC(19) Using 8 workers of 8 for evacuation
[2025-04-17T18:53:40.228+0300][gc,phases   ] GC(19)   Pre Evacuate Collection Set: 0,40ms
[2025-04-17T18:53:40.228+0300][gc,phases   ] GC(19)   Merge Heap Roots: 0,17ms
[2025-04-17T18:53:40.228+0300][gc,phases   ] GC(19)   Evacuate Collection Set: 14,62ms
[2025-04-17T18:53:40.228+0300][gc,phases   ] GC(19)   Post Evacuate Collection Set: 1,13ms
[2025-04-17T18:53:40.228+0300][gc,phases   ] GC(19)   Other: 0,21ms
[2025-04-17T18:53:40.228+0300][gc,heap     ] GC(19) Eden regions: 90->0(162)
[2025-04-17T18:53:40.228+0300][gc,heap     ] GC(19) Survivor regions: 9->5(13)
[2025-04-17T18:53:40.228+0300][gc,heap     ] GC(19) Old regions: 31->38
[2025-04-17T18:53:40.228+0300][gc,heap     ] GC(19) Humongous regions: 149->149
[2025-04-17T18:53:40.228+0300][gc,metaspace] GC(19) Metaspace: 48816K(49856K)->48816K(49856K) NonClass: 43114K(43712K)->43114K(43712K) Class: 5702K(6144K)->5702K(6144K)
[2025-04-17T18:53:40.228+0300][gc          ] GC(19) Pause Young (Normal) (G1 Evacuation Pause) 277M->191M(1024M) 17,074ms
[2025-04-17T18:53:40.228+0300][gc,cpu      ] GC(19) User=0,08s Sys=0,03s Real=0,02s
[2025-04-17T19:07:25.774+0300][gc,start    ] GC(20) Pause Young (Normal) (G1 Evacuation Pause)
[2025-04-17T19:07:25.774+0300][gc,task     ] GC(20) Using 8 workers of 8 for evacuation
[2025-04-17T19:07:25.788+0300][gc,phases   ] GC(20)   Pre Evacuate Collection Set: 0,56ms
[2025-04-17T19:07:25.788+0300][gc,phases   ] GC(20)   Merge Heap Roots: 0,46ms
[2025-04-17T19:07:25.788+0300][gc,phases   ] GC(20)   Evacuate Collection Set: 12,02ms
[2025-04-17T19:07:25.788+0300][gc,phases   ] GC(20)   Post Evacuate Collection Set: 0,97ms
[2025-04-17T19:07:25.788+0300][gc,phases   ] GC(20)   Other: 0,28ms
[2025-04-17T19:07:25.788+0300][gc,heap     ] GC(20) Eden regions: 113->0(92)
[2025-04-17T19:07:25.788+0300][gc,heap     ] GC(20) Survivor regions: 5->9(15)
[2025-04-17T19:07:25.788+0300][gc,heap     ] GC(20) Old regions: 38->38
[2025-04-17T19:07:25.788+0300][gc,heap     ] GC(20) Humongous regions: 149->149
[2025-04-17T19:07:25.788+0300][gc,metaspace] GC(20) Metaspace: 48855K(49856K)->48855K(49856K) NonClass: 43146K(43712K)->43146K(43712K) Class: 5708K(6144K)->5708K(6144K)
[2025-04-17T19:07:25.789+0300][gc          ] GC(20) Pause Young (Normal) (G1 Evacuation Pause) 304M->195M(1024M) 14,772ms
[2025-04-17T19:07:25.789+0300][gc,cpu      ] GC(20) User=0,05s Sys=0,00s Real=0,01s
[2025-04-17T19:14:50.879+0300][gc,start    ] GC(21) Pause Young (Normal) (G1 Evacuation Pause)
[2025-04-17T19:14:50.879+0300][gc,task     ] GC(21) Using 8 workers of 8 for evacuation
[2025-04-17T19:14:50.891+0300][gc,phases   ] GC(21)   Pre Evacuate Collection Set: 0,40ms
[2025-04-17T19:14:50.891+0300][gc,phases   ] GC(21)   Merge Heap Roots: 0,19ms
[2025-04-17T19:14:50.891+0300][gc,phases   ] GC(21)   Evacuate Collection Set: 9,88ms
[2025-04-17T19:14:50.891+0300][gc,phases   ] GC(21)   Post Evacuate Collection Set: 1,15ms
[2025-04-17T19:14:50.891+0300][gc,phases   ] GC(21)   Other: 0,22ms
[2025-04-17T19:14:50.891+0300][gc,heap     ] GC(21) Eden regions: 59->0(182)
[2025-04-17T19:14:50.891+0300][gc,heap     ] GC(21) Survivor regions: 9->5(9)
[2025-04-17T19:14:50.891+0300][gc,heap     ] GC(21) Old regions: 38->41
[2025-04-17T19:14:50.891+0300][gc,heap     ] GC(21) Humongous regions: 149->149
[2025-04-17T19:14:50.891+0300][gc,metaspace] GC(21) Metaspace: 48857K(49856K)->48857K(49856K) NonClass: 43148K(43712K)->43148K(43712K) Class: 5708K(6144K)->5708K(6144K)
[2025-04-17T19:14:50.891+0300][gc          ] GC(21) Pause Young (Normal) (G1 Evacuation Pause) 254M->194M(1024M) 12,282ms
[2025-04-17T19:14:50.891+0300][gc,cpu      ] GC(21) User=0,06s Sys=0,01s Real=0,01s
[2025-04-17T19:35:54.360+0300][gc,start    ] GC(22) Pause Young (Normal) (G1 Evacuation Pause)
[2025-04-17T19:35:54.360+0300][gc,task     ] GC(22) Using 8 workers of 8 for evacuation
[2025-04-17T19:35:54.368+0300][gc,phases   ] GC(22)   Pre Evacuate Collection Set: 0,25ms
[2025-04-17T19:35:54.368+0300][gc,phases   ] GC(22)   Merge Heap Roots: 0,16ms
[2025-04-17T19:35:54.368+0300][gc,phases   ] GC(22)   Evacuate Collection Set: 5,84ms
[2025-04-17T19:35:54.368+0300][gc,phases   ] GC(22)   Post Evacuate Collection Set: 1,06ms
[2025-04-17T19:35:54.368+0300][gc,phases   ] GC(22)   Other: 0,13ms
[2025-04-17T19:35:54.368+0300][gc,heap     ] GC(22) Eden regions: 166->0(259)
[2025-04-17T19:35:54.368+0300][gc,heap     ] GC(22) Survivor regions: 5->5(22)
[2025-04-17T19:35:54.368+0300][gc,heap     ] GC(22) Old regions: 41->41
[2025-04-17T19:35:54.368+0300][gc,heap     ] GC(22) Humongous regions: 149->149
[2025-04-17T19:35:54.368+0300][gc,metaspace] GC(22) Metaspace: 48871K(49920K)->48871K(49920K) NonClass: 43162K(43776K)->43162K(43776K) Class: 5708K(6144K)->5708K(6144K)
[2025-04-17T19:35:54.368+0300][gc          ] GC(22) Pause Young (Normal) (G1 Evacuation Pause) 360M->195M(1024M) 7,913ms
[2025-04-17T19:35:54.368+0300][gc,cpu      ] GC(22) User=0,04s Sys=0,01s Real=0,01s
[2025-04-17T20:07:31.805+0300][gc,start    ] GC(23) Pause Young (Normal) (G1 Evacuation Pause)
[2025-04-17T20:07:31.805+0300][gc,task     ] GC(23) Using 8 workers of 8 for evacuation
[2025-04-17T20:07:31.819+0300][gc,phases   ] GC(23)   Pre Evacuate Collection Set: 0,38ms
[2025-04-17T20:07:31.819+0300][gc,phases   ] GC(23)   Merge Heap Roots: 0,28ms
[2025-04-17T20:07:31.819+0300][gc,phases   ] GC(23)   Evacuate Collection Set: 10,71ms
[2025-04-17T20:07:31.819+0300][gc,phases   ] GC(23)   Post Evacuate Collection Set: 1,64ms
[2025-04-17T20:07:31.819+0300][gc,phases   ] GC(23)   Other: 0,22ms
[2025-04-17T20:07:31.819+0300][gc,heap     ] GC(23) Eden regions: 253->0(608)
[2025-04-17T20:07:31.819+0300][gc,heap     ] GC(23) Survivor regions: 5->6(33)
[2025-04-17T20:07:31.819+0300][gc,heap     ] GC(23) Old regions: 41->41
[2025-04-17T20:07:31.819+0300][gc,heap     ] GC(23) Humongous regions: 149->149
[2025-04-17T20:07:31.819+0300][gc,metaspace] GC(23) Metaspace: 50040K(51136K)->50040K(51136K) NonClass: 44171K(44800K)->44171K(44800K) Class: 5869K(6336K)->5869K(6336K)
[2025-04-17T20:07:31.819+0300][gc          ] GC(23) Pause Young (Normal) (G1 Evacuation Pause) 448M->195M(1024M) 13,700ms
[2025-04-17T20:07:31.819+0300][gc,cpu      ] GC(23) User=0,06s Sys=0,02s Real=0,01s
[2025-04-17T21:25:07.625+0300][gc,start    ] GC(24) Pause Young (Normal) (G1 Evacuation Pause)
[2025-04-17T21:25:07.625+0300][gc,task     ] GC(24) Using 8 workers of 8 for evacuation
[2025-04-17T21:25:07.643+0300][gc,phases   ] GC(24)   Pre Evacuate Collection Set: 0,47ms
[2025-04-17T21:25:07.643+0300][gc,phases   ] GC(24)   Merge Heap Roots: 0,36ms
[2025-04-17T21:25:07.643+0300][gc,phases   ] GC(24)   Evacuate Collection Set: 14,65ms
[2025-04-17T21:25:07.643+0300][gc,phases   ] GC(24)   Post Evacuate Collection Set: 1,91ms
[2025-04-17T21:25:07.643+0300][gc,phases   ] GC(24)   Other: 0,45ms
[2025-04-17T21:25:07.643+0300][gc,heap     ] GC(24) Eden regions: 608->0(608)
[2025-04-17T21:25:07.643+0300][gc,heap     ] GC(24) Survivor regions: 6->6(77)
[2025-04-17T21:25:07.643+0300][gc,heap     ] GC(24) Old regions: 41->41
[2025-04-17T21:25:07.644+0300][gc,heap     ] GC(24) Humongous regions: 149->149
[2025-04-17T21:25:07.644+0300][gc,metaspace] GC(24) Metaspace: 50100K(51200K)->50100K(51200K) NonClass: 44231K(44864K)->44231K(44864K) Class: 5869K(6336K)->5869K(6336K)
[2025-04-17T21:25:07.644+0300][gc          ] GC(24) Pause Young (Normal) (G1 Evacuation Pause) 803M->195M(1024M) 18,286ms
[2025-04-17T21:25:07.644+0300][gc,cpu      ] GC(24) User=0,06s Sys=0,05s Real=0,02s
[2025-04-17T22:19:37.592+0300][gc,heap,exit] Heap
[2025-04-17T22:19:37.592+0300][gc,heap,exit]  garbage-first heap   total reserved 1048576K, committed 1048576K, used 655117K [0x00000000c0000000, 0x0000000100000000)
[2025-04-17T22:19:37.592+0300][gc,heap,exit]   region size 1024K, 451 young (461824K), 6 survivors (6144K)
[2025-04-17T22:19:37.592+0300][gc,heap,exit]  Metaspace       used 51279K, committed 52416K, reserved 1114112K
[2025-04-17T22:19:37.592+0300][gc,heap,exit]   class space    used 6112K, committed 6592K, reserved 1048576K
