[2025-04-17T14:00:29.356+0300][gc,init] CardTable entry size: 512
[2025-04-17T14:00:29.357+0300][gc     ] Using G1
[2025-04-17T14:00:29.370+0300][gc,init] Version: 22.0.2+9-70 (release)
[2025-04-17T14:00:29.370+0300][gc,init] CPUs: 8 total, 8 available
[2025-04-17T14:00:29.370+0300][gc,init] Memory: 13888M
[2025-04-17T14:00:29.370+0300][gc,init] Large Page Support: Disabled
[2025-04-17T14:00:29.370+0300][gc,init] NUMA Support: Disabled
[2025-04-17T14:00:29.370+0300][gc,init] Compressed Oops: Enabled (32-bit)
[2025-04-17T14:00:29.370+0300][gc,init] Heap Region Size: 1M
[2025-04-17T14:00:29.370+0300][gc,init] Heap Min Capacity: 1G
[2025-04-17T14:00:29.370+0300][gc,init] Heap Initial Capacity: 1G
[2025-04-17T14:00:29.370+0300][gc,init] Heap Max Capacity: 1G
[2025-04-17T14:00:29.370+0300][gc,init] Pre-touch: Disabled
[2025-04-17T14:00:29.370+0300][gc,init] Parallel Workers: 8
[2025-04-17T14:00:29.370+0300][gc,init] Concurrent Workers: 2
[2025-04-17T14:00:29.370+0300][gc,init] Concurrent Refinement Workers: 8
[2025-04-17T14:00:29.370+0300][gc,init] Periodic GC: Disabled
[2025-04-17T14:00:29.380+0300][gc,metaspace] CDS archive(s) mapped at: [0x00007b09a2000000-0x00007b09a2c7a000-0x00007b09a2c7a000), size 13082624, SharedBaseAddress: 0x00007b09a2000000, ArchiveRelocationMode: 1.
[2025-04-17T14:00:29.380+0300][gc,metaspace] Compressed class space mapped at: 0x00007b09a3000000-0x00007b09e3000000, reserved size: 1073741824
[2025-04-17T14:00:29.380+0300][gc,metaspace] Narrow klass base: 0x00007b09a2000000, Narrow klass shift: 0, Narrow klass range: 0x100000000
[2025-04-17T14:00:30.659+0300][gc,start    ] GC(0) Pause Young (Normal) (G1 Evacuation Pause)
[2025-04-17T14:00:30.660+0300][gc,task     ] GC(0) Using 8 workers of 8 for evacuation
[2025-04-17T14:00:30.667+0300][gc,phases   ] GC(0)   Pre Evacuate Collection Set: 0,22ms
[2025-04-17T14:00:30.667+0300][gc,phases   ] GC(0)   Merge Heap Roots: 0,14ms
[2025-04-17T14:00:30.667+0300][gc,phases   ] GC(0)   Evacuate Collection Set: 5,37ms
[2025-04-17T14:00:30.667+0300][gc,phases   ] GC(0)   Post Evacuate Collection Set: 0,97ms
[2025-04-17T14:00:30.667+0300][gc,phases   ] GC(0)   Other: 1,02ms
[2025-04-17T14:00:30.667+0300][gc,heap     ] GC(0) Eden regions: 51->0(44)
[2025-04-17T14:00:30.667+0300][gc,heap     ] GC(0) Survivor regions: 0->7(7)
[2025-04-17T14:00:30.667+0300][gc,heap     ] GC(0) Old regions: 2->4
[2025-04-17T14:00:30.667+0300][gc,heap     ] GC(0) Humongous regions: 0->0
[2025-04-17T14:00:30.667+0300][gc,metaspace] GC(0) Metaspace: 15800K(16064K)->15800K(16064K) NonClass: 14045K(14208K)->14045K(14208K) Class: 1754K(1856K)->1754K(1856K)
[2025-04-17T14:00:30.667+0300][gc          ] GC(0) Pause Young (Normal) (G1 Evacuation Pause) 52M->9M(1024M) 8,035ms
[2025-04-17T14:00:30.667+0300][gc,cpu      ] GC(0) User=0,03s Sys=0,01s Real=0,01s
[2025-04-17T14:00:30.775+0300][gc,heap,exit] Heap
[2025-04-17T14:00:30.775+0300][gc,heap,exit]  garbage-first heap   total reserved 1048576K, committed 1048576K, used 15231K [0x00000000c0000000, 0x0000000100000000)
[2025-04-17T14:00:30.775+0300][gc,heap,exit]   region size 1024K, 13 young (13312K), 7 survivors (7168K)
[2025-04-17T14:00:30.775+0300][gc,heap,exit]  Metaspace       used 17800K, committed 18048K, reserved 1114112K
[2025-04-17T14:00:30.775+0300][gc,heap,exit]   class space    used 2114K, committed 2240K, reserved 1048576K
