[2025-04-17T15:53:47.900+0300][gc,init] CardTable entry size: 512
[2025-04-17T15:53:47.900+0300][gc     ] Using G1
[2025-04-17T15:53:47.913+0300][gc,init] Version: 22.0.2+9-70 (release)
[2025-04-17T15:53:47.913+0300][gc,init] CPUs: 8 total, 8 available
[2025-04-17T15:53:47.913+0300][gc,init] Memory: 13888M
[2025-04-17T15:53:47.913+0300][gc,init] Large Page Support: Disabled
[2025-04-17T15:53:47.913+0300][gc,init] NUMA Support: Disabled
[2025-04-17T15:53:47.913+0300][gc,init] Compressed Oops: Enabled (32-bit)
[2025-04-17T15:53:47.913+0300][gc,init] Heap Region Size: 1M
[2025-04-17T15:53:47.913+0300][gc,init] Heap Min Capacity: 1G
[2025-04-17T15:53:47.913+0300][gc,init] Heap Initial Capacity: 1G
[2025-04-17T15:53:47.913+0300][gc,init] Heap Max Capacity: 1G
[2025-04-17T15:53:47.913+0300][gc,init] Pre-touch: Disabled
[2025-04-17T15:53:47.913+0300][gc,init] Parallel Workers: 8
[2025-04-17T15:53:47.913+0300][gc,init] Concurrent Workers: 2
[2025-04-17T15:53:47.913+0300][gc,init] Concurrent Refinement Workers: 8
[2025-04-17T15:53:47.913+0300][gc,init] Periodic GC: Disabled
[2025-04-17T15:53:47.923+0300][gc,metaspace] CDS archive(s) mapped at: [0x000072947e000000-0x000072947ec7a000-0x000072947ec7a000), size 13082624, SharedBaseAddress: 0x000072947e000000, ArchiveRelocationMode: 1.
[2025-04-17T15:53:47.923+0300][gc,metaspace] Compressed class space mapped at: 0x000072947f000000-0x00007294bf000000, reserved size: 1073741824
[2025-04-17T15:53:47.923+0300][gc,metaspace] Narrow klass base: 0x000072947e000000, Narrow klass shift: 0, Narrow klass range: 0x100000000
[2025-04-17T15:53:49.131+0300][gc,start    ] GC(0) Pause Young (Normal) (G1 Evacuation Pause)
[2025-04-17T15:53:49.132+0300][gc,task     ] GC(0) Using 8 workers of 8 for evacuation
[2025-04-17T15:53:49.139+0300][gc,phases   ] GC(0)   Pre Evacuate Collection Set: 0,22ms
[2025-04-17T15:53:49.139+0300][gc,phases   ] GC(0)   Merge Heap Roots: 0,20ms
[2025-04-17T15:53:49.139+0300][gc,phases   ] GC(0)   Evacuate Collection Set: 5,84ms
[2025-04-17T15:53:49.139+0300][gc,phases   ] GC(0)   Post Evacuate Collection Set: 1,09ms
[2025-04-17T15:53:49.139+0300][gc,phases   ] GC(0)   Other: 1,12ms
[2025-04-17T15:53:49.139+0300][gc,heap     ] GC(0) Eden regions: 51->0(44)
[2025-04-17T15:53:49.139+0300][gc,heap     ] GC(0) Survivor regions: 0->7(7)
[2025-04-17T15:53:49.139+0300][gc,heap     ] GC(0) Old regions: 2->4
[2025-04-17T15:53:49.139+0300][gc,heap     ] GC(0) Humongous regions: 0->0
[2025-04-17T15:53:49.139+0300][gc,metaspace] GC(0) Metaspace: 15784K(16000K)->15784K(16000K) NonClass: 14026K(14144K)->14026K(14144K) Class: 1757K(1856K)->1757K(1856K)
[2025-04-17T15:53:49.139+0300][gc          ] GC(0) Pause Young (Normal) (G1 Evacuation Pause) 52M->9M(1024M) 8,816ms
[2025-04-17T15:53:49.139+0300][gc,cpu      ] GC(0) User=0,03s Sys=0,01s Real=0,01s
[2025-04-17T15:53:49.412+0300][gc,heap,exit] Heap
[2025-04-17T15:53:49.412+0300][gc,heap,exit]  garbage-first heap   total reserved 1048576K, committed 1048576K, used 25706K [0x00000000c0000000, 0x0000000100000000)
[2025-04-17T15:53:49.412+0300][gc,heap,exit]   region size 1024K, 23 young (23552K), 7 survivors (7168K)
[2025-04-17T15:53:49.412+0300][gc,heap,exit]  Metaspace       used 21005K, committed 21248K, reserved 1114112K
[2025-04-17T15:53:49.412+0300][gc,heap,exit]   class space    used 2565K, committed 2688K, reserved 1048576K
